// Jest Snapshot v1, https://goo.gl/fbAQLP

exports[`PlanetDetails render correctly 1`] = `
ShallowWrapper {
  "length": 1,
  Symbol(enzyme.__root__): [Circular],
  Symbol(enzyme.__unrendered__): <PlanetDetails
    currentPlanet={
      Object {
        "url": "planet_url",
      }
    }
    fetchSuccess={true}
    fetching={false}
    match={
      Object {
        "params": Object {
          "planetUrl": "planet_url",
        },
      }
    }
  />,
  Symbol(enzyme.__renderer__): Object {
    "batchedUpdates": [Function],
    "getNode": [Function],
    "render": [Function],
    "simulateEvent": [Function],
    "unmount": [Function],
  },
  Symbol(enzyme.__node__): Object {
    "instance": null,
    "key": undefined,
    "nodeType": "host",
    "props": Object {
      "children": Array [
        <div>
          <HomeLink />
        </div>,
        <div>
          <PlanetsTableLink />
        </div>,
        <Animate
          animation={Object {}}
          component="span"
          componentProps={Object {}}
          onAppear={[Function]}
          onEnd={[Function]}
          onEnter={[Function]}
          onLeave={[Function]}
          transitionAppear={true}
          transitionEnter={true}
          transitionLeave={true}
          transitionName="fade"
        >
          <div
            className="details-body"
          >
            <div
              className="sphere-wrapper"
            >
              <Sphere
                className="planet-sphere"
                diameter={undefined}
              />
            </div>
            <div
              className="planet-name"
            />
            <Row
              gutter={24}
              type="flex"
            >
              <Col
                md={8}
                xs={24}
              >
                <Card
                  className="info-card"
                  title="Information"
                >
                  <PlanetBasicInfo
                    planet={
                      Object {
                        "url": "planet_url",
                      }
                    }
                  />
                </Card>
              </Col>
              <Col
                md={8}
                xs={24}
              >
                <Card
                  className="info-card"
                  loading={true}
                  title="Residents"
                />
              </Col>
              <Col
                md={8}
                xs={24}
              >
                <Card
                  className="info-card"
                  loading={true}
                  title="Films"
                />
              </Col>
            </Row>
          </div>
        </Animate>,
      ],
      "className": "planet-details",
    },
    "ref": null,
    "rendered": Array [
      Object {
        "instance": null,
        "key": undefined,
        "nodeType": "host",
        "props": Object {
          "children": <HomeLink />,
        },
        "ref": null,
        "rendered": Object {
          "instance": null,
          "key": undefined,
          "nodeType": "function",
          "props": Object {},
          "ref": null,
          "rendered": null,
          "type": [Function],
        },
        "type": "div",
      },
      Object {
        "instance": null,
        "key": undefined,
        "nodeType": "host",
        "props": Object {
          "children": <PlanetsTableLink />,
        },
        "ref": null,
        "rendered": Object {
          "instance": null,
          "key": undefined,
          "nodeType": "function",
          "props": Object {},
          "ref": null,
          "rendered": null,
          "type": [Function],
        },
        "type": "div",
      },
      Object {
        "instance": null,
        "key": undefined,
        "nodeType": "class",
        "props": Object {
          "animation": Object {},
          "children": <div
            className="details-body"
          >
            <div
              className="sphere-wrapper"
            >
              <Sphere
                className="planet-sphere"
                diameter={undefined}
              />
            </div>
            <div
              className="planet-name"
            />
            <Row
              gutter={24}
              type="flex"
            >
              <Col
                md={8}
                xs={24}
              >
                <Card
                  className="info-card"
                  title="Information"
                >
                  <PlanetBasicInfo
                    planet={
                      Object {
                        "url": "planet_url",
                      }
                    }
                  />
                </Card>
              </Col>
              <Col
                md={8}
                xs={24}
              >
                <Card
                  className="info-card"
                  loading={true}
                  title="Residents"
                />
              </Col>
              <Col
                md={8}
                xs={24}
              >
                <Card
                  className="info-card"
                  loading={true}
                  title="Films"
                />
              </Col>
            </Row>
          </div>,
          "component": "span",
          "componentProps": Object {},
          "onAppear": [Function],
          "onEnd": [Function],
          "onEnter": [Function],
          "onLeave": [Function],
          "transitionAppear": true,
          "transitionEnter": true,
          "transitionLeave": true,
          "transitionName": "fade",
        },
        "ref": null,
        "rendered": Object {
          "instance": null,
          "key": undefined,
          "nodeType": "host",
          "props": Object {
            "children": Array [
              <div
                className="sphere-wrapper"
              >
                <Sphere
                  className="planet-sphere"
                  diameter={undefined}
                />
              </div>,
              <div
                className="planet-name"
              />,
              <Row
                gutter={24}
                type="flex"
              >
                <Col
                  md={8}
                  xs={24}
                >
                  <Card
                    className="info-card"
                    title="Information"
                  >
                    <PlanetBasicInfo
                      planet={
                        Object {
                          "url": "planet_url",
                        }
                      }
                    />
                  </Card>
                </Col>
                <Col
                  md={8}
                  xs={24}
                >
                  <Card
                    className="info-card"
                    loading={true}
                    title="Residents"
                  />
                </Col>
                <Col
                  md={8}
                  xs={24}
                >
                  <Card
                    className="info-card"
                    loading={true}
                    title="Films"
                  />
                </Col>
              </Row>,
            ],
            "className": "details-body",
          },
          "ref": null,
          "rendered": Array [
            Object {
              "instance": null,
              "key": undefined,
              "nodeType": "host",
              "props": Object {
                "children": <Sphere
                  className="planet-sphere"
                  diameter={undefined}
                />,
                "className": "sphere-wrapper",
              },
              "ref": null,
              "rendered": Object {
                "instance": null,
                "key": undefined,
                "nodeType": "function",
                "props": Object {
                  "className": "planet-sphere",
                  "diameter": undefined,
                },
                "ref": null,
                "rendered": null,
                "type": [Function],
              },
              "type": "div",
            },
            Object {
              "instance": null,
              "key": undefined,
              "nodeType": "host",
              "props": Object {
                "children": undefined,
                "className": "planet-name",
              },
              "ref": null,
              "rendered": null,
              "type": "div",
            },
            Object {
              "instance": null,
              "key": undefined,
              "nodeType": "class",
              "props": Object {
                "children": Array [
                  <Col
                    md={8}
                    xs={24}
                  >
                    <Card
                      className="info-card"
                      title="Information"
                    >
                      <PlanetBasicInfo
                        planet={
                          Object {
                            "url": "planet_url",
                          }
                        }
                      />
                    </Card>
                  </Col>,
                  <Col
                    md={8}
                    xs={24}
                  >
                    <Card
                      className="info-card"
                      loading={true}
                      title="Residents"
                    />
                  </Col>,
                  <Col
                    md={8}
                    xs={24}
                  >
                    <Card
                      className="info-card"
                      loading={true}
                      title="Films"
                    />
                  </Col>,
                ],
                "gutter": 24,
                "type": "flex",
              },
              "ref": null,
              "rendered": Array [
                Object {
                  "instance": null,
                  "key": undefined,
                  "nodeType": "class",
                  "props": Object {
                    "children": <Card
                      className="info-card"
                      title="Information"
                    >
                      <PlanetBasicInfo
                        planet={
                          Object {
                            "url": "planet_url",
                          }
                        }
                      />
                    </Card>,
                    "md": 8,
                    "xs": 24,
                  },
                  "ref": null,
                  "rendered": Object {
                    "instance": null,
                    "key": undefined,
                    "nodeType": "class",
                    "props": Object {
                      "children": <PlanetBasicInfo
                        planet={
                          Object {
                            "url": "planet_url",
                          }
                        }
                      />,
                      "className": "info-card",
                      "title": "Information",
                    },
                    "ref": null,
                    "rendered": Object {
                      "instance": null,
                      "key": undefined,
                      "nodeType": "function",
                      "props": Object {
                        "planet": Object {
                          "url": "planet_url",
                        },
                      },
                      "ref": null,
                      "rendered": null,
                      "type": [Function],
                    },
                    "type": [Function],
                  },
                  "type": [Function],
                },
                Object {
                  "instance": null,
                  "key": undefined,
                  "nodeType": "class",
                  "props": Object {
                    "children": <Card
                      className="info-card"
                      loading={true}
                      title="Residents"
                    />,
                    "md": 8,
                    "xs": 24,
                  },
                  "ref": null,
                  "rendered": Object {
                    "instance": null,
                    "key": undefined,
                    "nodeType": "class",
                    "props": Object {
                      "className": "info-card",
                      "loading": true,
                      "title": "Residents",
                    },
                    "ref": null,
                    "rendered": null,
                    "type": [Function],
                  },
                  "type": [Function],
                },
                Object {
                  "instance": null,
                  "key": undefined,
                  "nodeType": "class",
                  "props": Object {
                    "children": <Card
                      className="info-card"
                      loading={true}
                      title="Films"
                    />,
                    "md": 8,
                    "xs": 24,
                  },
                  "ref": null,
                  "rendered": Object {
                    "instance": null,
                    "key": undefined,
                    "nodeType": "class",
                    "props": Object {
                      "className": "info-card",
                      "loading": true,
                      "title": "Films",
                    },
                    "ref": null,
                    "rendered": null,
                    "type": [Function],
                  },
                  "type": [Function],
                },
              ],
              "type": [Function],
            },
          ],
          "type": "div",
        },
        "type": [Function],
      },
    ],
    "type": "div",
  },
  Symbol(enzyme.__nodes__): Array [
    Object {
      "instance": null,
      "key": undefined,
      "nodeType": "host",
      "props": Object {
        "children": Array [
          <div>
            <HomeLink />
          </div>,
          <div>
            <PlanetsTableLink />
          </div>,
          <Animate
            animation={Object {}}
            component="span"
            componentProps={Object {}}
            onAppear={[Function]}
            onEnd={[Function]}
            onEnter={[Function]}
            onLeave={[Function]}
            transitionAppear={true}
            transitionEnter={true}
            transitionLeave={true}
            transitionName="fade"
          >
            <div
              className="details-body"
            >
              <div
                className="sphere-wrapper"
              >
                <Sphere
                  className="planet-sphere"
                  diameter={undefined}
                />
              </div>
              <div
                className="planet-name"
              />
              <Row
                gutter={24}
                type="flex"
              >
                <Col
                  md={8}
                  xs={24}
                >
                  <Card
                    className="info-card"
                    title="Information"
                  >
                    <PlanetBasicInfo
                      planet={
                        Object {
                          "url": "planet_url",
                        }
                      }
                    />
                  </Card>
                </Col>
                <Col
                  md={8}
                  xs={24}
                >
                  <Card
                    className="info-card"
                    loading={true}
                    title="Residents"
                  />
                </Col>
                <Col
                  md={8}
                  xs={24}
                >
                  <Card
                    className="info-card"
                    loading={true}
                    title="Films"
                  />
                </Col>
              </Row>
            </div>
          </Animate>,
        ],
        "className": "planet-details",
      },
      "ref": null,
      "rendered": Array [
        Object {
          "instance": null,
          "key": undefined,
          "nodeType": "host",
          "props": Object {
            "children": <HomeLink />,
          },
          "ref": null,
          "rendered": Object {
            "instance": null,
            "key": undefined,
            "nodeType": "function",
            "props": Object {},
            "ref": null,
            "rendered": null,
            "type": [Function],
          },
          "type": "div",
        },
        Object {
          "instance": null,
          "key": undefined,
          "nodeType": "host",
          "props": Object {
            "children": <PlanetsTableLink />,
          },
          "ref": null,
          "rendered": Object {
            "instance": null,
            "key": undefined,
            "nodeType": "function",
            "props": Object {},
            "ref": null,
            "rendered": null,
            "type": [Function],
          },
          "type": "div",
        },
        Object {
          "instance": null,
          "key": undefined,
          "nodeType": "class",
          "props": Object {
            "animation": Object {},
            "children": <div
              className="details-body"
            >
              <div
                className="sphere-wrapper"
              >
                <Sphere
                  className="planet-sphere"
                  diameter={undefined}
                />
              </div>
              <div
                className="planet-name"
              />
              <Row
                gutter={24}
                type="flex"
              >
                <Col
                  md={8}
                  xs={24}
                >
                  <Card
                    className="info-card"
                    title="Information"
                  >
                    <PlanetBasicInfo
                      planet={
                        Object {
                          "url": "planet_url",
                        }
                      }
                    />
                  </Card>
                </Col>
                <Col
                  md={8}
                  xs={24}
                >
                  <Card
                    className="info-card"
                    loading={true}
                    title="Residents"
                  />
                </Col>
                <Col
                  md={8}
                  xs={24}
                >
                  <Card
                    className="info-card"
                    loading={true}
                    title="Films"
                  />
                </Col>
              </Row>
            </div>,
            "component": "span",
            "componentProps": Object {},
            "onAppear": [Function],
            "onEnd": [Function],
            "onEnter": [Function],
            "onLeave": [Function],
            "transitionAppear": true,
            "transitionEnter": true,
            "transitionLeave": true,
            "transitionName": "fade",
          },
          "ref": null,
          "rendered": Object {
            "instance": null,
            "key": undefined,
            "nodeType": "host",
            "props": Object {
              "children": Array [
                <div
                  className="sphere-wrapper"
                >
                  <Sphere
                    className="planet-sphere"
                    diameter={undefined}
                  />
                </div>,
                <div
                  className="planet-name"
                />,
                <Row
                  gutter={24}
                  type="flex"
                >
                  <Col
                    md={8}
                    xs={24}
                  >
                    <Card
                      className="info-card"
                      title="Information"
                    >
                      <PlanetBasicInfo
                        planet={
                          Object {
                            "url": "planet_url",
                          }
                        }
                      />
                    </Card>
                  </Col>
                  <Col
                    md={8}
                    xs={24}
                  >
                    <Card
                      className="info-card"
                      loading={true}
                      title="Residents"
                    />
                  </Col>
                  <Col
                    md={8}
                    xs={24}
                  >
                    <Card
                      className="info-card"
                      loading={true}
                      title="Films"
                    />
                  </Col>
                </Row>,
              ],
              "className": "details-body",
            },
            "ref": null,
            "rendered": Array [
              Object {
                "instance": null,
                "key": undefined,
                "nodeType": "host",
                "props": Object {
                  "children": <Sphere
                    className="planet-sphere"
                    diameter={undefined}
                  />,
                  "className": "sphere-wrapper",
                },
                "ref": null,
                "rendered": Object {
                  "instance": null,
                  "key": undefined,
                  "nodeType": "function",
                  "props": Object {
                    "className": "planet-sphere",
                    "diameter": undefined,
                  },
                  "ref": null,
                  "rendered": null,
                  "type": [Function],
                },
                "type": "div",
              },
              Object {
                "instance": null,
                "key": undefined,
                "nodeType": "host",
                "props": Object {
                  "children": undefined,
                  "className": "planet-name",
                },
                "ref": null,
                "rendered": null,
                "type": "div",
              },
              Object {
                "instance": null,
                "key": undefined,
                "nodeType": "class",
                "props": Object {
                  "children": Array [
                    <Col
                      md={8}
                      xs={24}
                    >
                      <Card
                        className="info-card"
                        title="Information"
                      >
                        <PlanetBasicInfo
                          planet={
                            Object {
                              "url": "planet_url",
                            }
                          }
                        />
                      </Card>
                    </Col>,
                    <Col
                      md={8}
                      xs={24}
                    >
                      <Card
                        className="info-card"
                        loading={true}
                        title="Residents"
                      />
                    </Col>,
                    <Col
                      md={8}
                      xs={24}
                    >
                      <Card
                        className="info-card"
                        loading={true}
                        title="Films"
                      />
                    </Col>,
                  ],
                  "gutter": 24,
                  "type": "flex",
                },
                "ref": null,
                "rendered": Array [
                  Object {
                    "instance": null,
                    "key": undefined,
                    "nodeType": "class",
                    "props": Object {
                      "children": <Card
                        className="info-card"
                        title="Information"
                      >
                        <PlanetBasicInfo
                          planet={
                            Object {
                              "url": "planet_url",
                            }
                          }
                        />
                      </Card>,
                      "md": 8,
                      "xs": 24,
                    },
                    "ref": null,
                    "rendered": Object {
                      "instance": null,
                      "key": undefined,
                      "nodeType": "class",
                      "props": Object {
                        "children": <PlanetBasicInfo
                          planet={
                            Object {
                              "url": "planet_url",
                            }
                          }
                        />,
                        "className": "info-card",
                        "title": "Information",
                      },
                      "ref": null,
                      "rendered": Object {
                        "instance": null,
                        "key": undefined,
                        "nodeType": "function",
                        "props": Object {
                          "planet": Object {
                            "url": "planet_url",
                          },
                        },
                        "ref": null,
                        "rendered": null,
                        "type": [Function],
                      },
                      "type": [Function],
                    },
                    "type": [Function],
                  },
                  Object {
                    "instance": null,
                    "key": undefined,
                    "nodeType": "class",
                    "props": Object {
                      "children": <Card
                        className="info-card"
                        loading={true}
                        title="Residents"
                      />,
                      "md": 8,
                      "xs": 24,
                    },
                    "ref": null,
                    "rendered": Object {
                      "instance": null,
                      "key": undefined,
                      "nodeType": "class",
                      "props": Object {
                        "className": "info-card",
                        "loading": true,
                        "title": "Residents",
                      },
                      "ref": null,
                      "rendered": null,
                      "type": [Function],
                    },
                    "type": [Function],
                  },
                  Object {
                    "instance": null,
                    "key": undefined,
                    "nodeType": "class",
                    "props": Object {
                      "children": <Card
                        className="info-card"
                        loading={true}
                        title="Films"
                      />,
                      "md": 8,
                      "xs": 24,
                    },
                    "ref": null,
                    "rendered": Object {
                      "instance": null,
                      "key": undefined,
                      "nodeType": "class",
                      "props": Object {
                        "className": "info-card",
                        "loading": true,
                        "title": "Films",
                      },
                      "ref": null,
                      "rendered": null,
                      "type": [Function],
                    },
                    "type": [Function],
                  },
                ],
                "type": [Function],
              },
            ],
            "type": "div",
          },
          "type": [Function],
        },
      ],
      "type": "div",
    },
  ],
  Symbol(enzyme.__options__): Object {
    "adapter": ReactSixteenAdapter {
      "options": Object {
        "enableComponentDidUpdateOnSetState": true,
      },
    },
  },
}
`;
